flutter : [31mGradle build failed to produce an .apk file. It's likely 
that this file was[39m
No linha:1 caractere:1
+ flutter build apk --target-platform android-arm64 --release 2> build_ 
...
+ ~~~~~~~~~~~~~~~~~~~~~~~~~~~~~~~~~~~~~~~~~~~~~~~~~~~~~~~~~~~~~~~~~~~~~
    + CategoryInfo          : NotSpecified: ([31mGradle bui...s file was 
   [39m:String) [], RemoteException
    + FullyQualifiedErrorId : NativeCommandError
 
[31mgenerated under C:\Users\tiago\Desktop\app camera 2\build, but the 
tool[39m
[31mcouldn't find it.[39m
